[make-hexagon-685475.framer.app/index.html]
[backblue.gif]
[fade.gif]
[index.html]
[make-hexagon-685475.framer.app/projects/luminous.html]
[make-hexagon-685475.framer.app/about.html]
[make-hexagon-685475.framer.app/projects.html]
[make-hexagon-685475.framer.app/blog.html]
[make-hexagon-685475.framer.app/contact.html]
[make-hexagon-685475.framer.app/index.html]
[make-hexagon-685475.framer.app/projects/luminous.html]
[make-hexagon-685475.framer.app/about.html]
[make-hexagon-685475.framer.app/projects/nova.html]
[make-hexagon-685475.framer.app/projects/osaka.html]
[make-hexagon-685475.framer.app/projects/atlas.html]
[make-hexagon-685475.framer.app/projects.html]
[make-hexagon-685475.framer.app/blog/beyond-the-pixels-why-we-interview-designers-makers-and-creative-thinkers.html]
[make-hexagon-685475.framer.app/blog/how-we-collaborate-with-clients-on-design-projects.html]
[make-hexagon-685475.framer.app/blog/designing-with-feeling-why-emotion-is-a-creative-superpower.html]
[make-hexagon-685475.framer.app/blog/finding-design-inspiration-in-unexpected-places.html]
[make-hexagon-685475.framer.app/blog/why-we-share-freebies-and-what-you-can-get-right-now.html]
[make-hexagon-685475.framer.app/blog.html]
[make-hexagon-685475.framer.app/contact.html]
[make-hexagon-685475.framer.app/projects/nova.html]
[make-hexagon-685475.framer.app/projects/osaka.html]
[make-hexagon-685475.framer.app/projects/atlas.html]
[make-hexagon-685475.framer.app/blog/beyond-the-pixels-why-we-interview-designers-makers-and-creative-thinkers.html]
[make-hexagon-685475.framer.app/blog/how-we-collaborate-with-clients-on-design-projects.html]
[make-hexagon-685475.framer.app/blog/designing-with-feeling-why-emotion-is-a-creative-superpower.html]
[make-hexagon-685475.framer.app/blog/finding-design-inspiration-in-unexpected-places.html]
[make-hexagon-685475.framer.app/blog/why-we-share-freebies-and-what-you-can-get-right-now.html]
